[debug] [2026-05-27T17:21:43.673Z] ----------------------------------------------------------------------
[debug] [2026-05-27T17:21:43.711Z] Command:       C:\Program Files\nodejs\node.exe C:\Users\HP\AppData\Roaming\npm\node_modules\firebase-tools\lib\bin\firebase.js emulators:start --only auth
[debug] [2026-05-27T17:21:43.713Z] CLI Version:   15.16.0
[debug] [2026-05-27T17:21:43.714Z] Platform:      win32
[debug] [2026-05-27T17:21:43.715Z] Node Version:  v22.19.0
[debug] [2026-05-27T17:21:43.716Z] Time:          Wed May 27 2026 22:51:43 GMT+0530 (India Standard Time)
[debug] [2026-05-27T17:21:43.717Z] ----------------------------------------------------------------------
[debug] 
[debug] [2026-05-27T17:21:43.726Z] >>> [apiv2][query] GET https://firebase-public.firebaseio.com/cli.json [none]
[debug] [2026-05-27T17:21:52.973Z] > command requires scopes: ["email","openid","https://www.googleapis.com/auth/cloudplatformprojects.readonly","https://www.googleapis.com/auth/firebase","https://www.googleapis.com/auth/cloud-platform"]
[debug] [2026-05-27T17:21:52.974Z] > authorizing via signed-in user (vamsee164@gmail.com)
[info] i  emulators: Starting emulators: auth {"metadata":{"emulator":{"name":"hub"},"message":"Starting emulators: auth"}}
[debug] [2026-05-27T17:21:53.015Z] [logging] Logging Emulator only supports listening on one address (127.0.0.1). Not listening on ::1
[debug] [2026-05-27T17:21:53.016Z] assigned listening specs for emulators {"user":{"auth":[{"address":"127.0.0.1","family":"IPv4","port":9099}],"hub":[{"address":"127.0.0.1","family":"IPv4","port":4400},{"address":"::1","family":"IPv6","port":4400}],"ui":[{"address":"127.0.0.1","family":"IPv4","port":4000},{"address":"::1","family":"IPv6","port":4000}],"logging":[{"address":"127.0.0.1","family":"IPv4","port":4500}]},"metadata":{"message":"assigned listening specs for emulators"}}
[debug] [2026-05-27T17:21:53.032Z] Write emulator hub locator at C:\Users\HP\AppData\Local\Temp\hub-intra-d.json
[info] i  ui: downloading ui-v1.15.0.zip... {"metadata":{"emulator":{"name":"ui"},"message":"downloading ui-v1.15.0.zip..."}}
[debug] [2026-05-27T17:22:23.626Z] >>> [apiv2][query] GET https://storage.googleapis.com/firebase-preview-drop/emulator/ui-v1.15.0.zip 
[debug] [2026-05-27T17:22:24.038Z] <<< [apiv2][status] GET https://storage.googleapis.com/firebase-preview-drop/emulator/ui-v1.15.0.zip 200
[debug] [2026-05-27T17:22:24.039Z] <<< [apiv2][body] GET https://storage.googleapis.com/firebase-preview-drop/emulator/ui-v1.15.0.zip [stream]
[debug] [2026-05-27T17:22:24.474Z] <<< [apiv2][status] GET https://firebase-public.firebaseio.com/cli.json 200
[debug] [2026-05-27T17:22:24.475Z] <<< [apiv2][body] GET https://firebase-public.firebaseio.com/cli.json {"cloudBuildErrorAfter":1594252800000,"cloudBuildWarnAfter":1590019200000,"defaultNode10After":1594252800000,"minVersion":"3.0.5","node8DeploysDisabledAfter":1613390400000,"node8RuntimeDisabledAfter":1615809600000,"node8WarnAfter":1600128000000}
[debug] [2026-05-27T17:22:25.324Z] Data is 3538469
[debug] [2026-05-27T17:22:25.324Z] [unzip] Entry: client/ (compressed_size=0 bytes, uncompressed_size=0 bytes)
[debug] [2026-05-27T17:22:25.325Z] [unzip] Processing entry: client\
[debug] [2026-05-27T17:22:25.325Z] [unzip] mkdir: C:\Users\HP\.cache\firebase\emulators\ui-v1.15.0\client\
[debug] [2026-05-27T17:22:25.328Z] [unzip] Entry: client/favicon-16x16.png (compressed_size=293 bytes, uncompressed_size=293 bytes)
[debug] [2026-05-27T17:22:25.328Z] [unzip] Processing entry: client\favicon-16x16.png
[debug] [2026-05-27T17:22:25.328Z] [unzip] else mkdir: C:\Users\HP\.cache\firebase\emulators\ui-v1.15.0\client
[debug] [2026-05-27T17:22:25.329Z] [unzip] Writing file: C:\Users\HP\.cache\firebase\emulators\ui-v1.15.0\client\favicon-16x16.png
[debug] [2026-05-27T17:22:25.336Z] [unzip] Entry: client/safari-pinned-tab.svg (compressed_size=1433 bytes, uncompressed_size=2611 bytes)
[debug] [2026-05-27T17:22:25.337Z] [unzip] Processing entry: client\safari-pinned-tab.svg
[debug] [2026-05-27T17:22:25.337Z] [unzip] else mkdir: C:\Users\HP\.cache\firebase\emulators\ui-v1.15.0\client
[debug] [2026-05-27T17:22:25.338Z] [unzip] deflating: C:\Users\HP\.cache\firebase\emulators\ui-v1.15.0\client\safari-pinned-tab.svg
[debug] [2026-05-27T17:22:25.359Z] [unzip] Entry: client/favicon.ico (compressed_size=2933 bytes, uncompressed_size=13294 bytes)
[debug] [2026-05-27T17:22:25.360Z] [unzip] Processing entry: client\favicon.ico
[debug] [2026-05-27T17:22:25.360Z] [unzip] else mkdir: C:\Users\HP\.cache\firebase\emulators\ui-v1.15.0\client
[debug] [2026-05-27T17:22:25.361Z] [unzip] deflating: C:\Users\HP\.cache\firebase\emulators\ui-v1.15.0\client\favicon.ico
[debug] [2026-05-27T17:22:25.369Z] [unzip] Entry: client/index.html (compressed_size=1364 bytes, uncompressed_size=3071 bytes)
[debug] [2026-05-27T17:22:25.369Z] [unzip] Processing entry: client\index.html
[debug] [2026-05-27T17:22:25.369Z] [unzip] else mkdir: C:\Users\HP\.cache\firebase\emulators\ui-v1.15.0\client
[debug] [2026-05-27T17:22:25.370Z] [unzip] deflating: C:\Users\HP\.cache\firebase\emulators\ui-v1.15.0\client\index.html
[debug] [2026-05-27T17:22:25.375Z] [unzip] Entry: client/android-chrome-192x192.png (compressed_size=2684 bytes, uncompressed_size=2684 bytes)
[debug] [2026-05-27T17:22:25.375Z] [unzip] Processing entry: client\android-chrome-192x192.png
[debug] [2026-05-27T17:22:25.375Z] [unzip] else mkdir: C:\Users\HP\.cache\firebase\emulators\ui-v1.15.0\client
[debug] [2026-05-27T17:22:25.376Z] [unzip] Writing file: C:\Users\HP\.cache\firebase\emulators\ui-v1.15.0\client\android-chrome-192x192.png
[debug] [2026-05-27T17:22:25.379Z] [unzip] Entry: client/apple-touch-icon.png (compressed_size=2123 bytes, uncompressed_size=2152 bytes)
[debug] [2026-05-27T17:22:25.380Z] [unzip] Processing entry: client\apple-touch-icon.png
[debug] [2026-05-27T17:22:25.380Z] [unzip] else mkdir: C:\Users\HP\.cache\firebase\emulators\ui-v1.15.0\client
[debug] [2026-05-27T17:22:25.381Z] [unzip] deflating: C:\Users\HP\.cache\firebase\emulators\ui-v1.15.0\client\apple-touch-icon.png
[debug] [2026-05-27T17:22:25.386Z] [unzip] Entry: client/android-chrome-512x512.png (compressed_size=5369 bytes, uncompressed_size=5411 bytes)
[debug] [2026-05-27T17:22:25.386Z] [unzip] Processing entry: client\android-chrome-512x512.png
[debug] [2026-05-27T17:22:25.386Z] [unzip] else mkdir: C:\Users\HP\.cache\firebase\emulators\ui-v1.15.0\client
[debug] [2026-05-27T17:22:25.387Z] [unzip] deflating: C:\Users\HP\.cache\firebase\emulators\ui-v1.15.0\client\android-chrome-512x512.png
[debug] [2026-05-27T17:22:25.391Z] [unzip] Entry: client/manifest.json (compressed_size=245 bytes, uncompressed_size=551 bytes)
[debug] [2026-05-27T17:22:25.391Z] [unzip] Processing entry: client\manifest.json
[debug] [2026-05-27T17:22:25.391Z] [unzip] else mkdir: C:\Users\HP\.cache\firebase\emulators\ui-v1.15.0\client
[debug] [2026-05-27T17:22:25.392Z] [unzip] deflating: C:\Users\HP\.cache\firebase\emulators\ui-v1.15.0\client\manifest.json
[debug] [2026-05-27T17:22:25.397Z] [unzip] Entry: client/robots.txt (compressed_size=26 bytes, uncompressed_size=26 bytes)
[debug] [2026-05-27T17:22:25.397Z] [unzip] Processing entry: client\robots.txt
[debug] [2026-05-27T17:22:25.397Z] [unzip] else mkdir: C:\Users\HP\.cache\firebase\emulators\ui-v1.15.0\client
[debug] [2026-05-27T17:22:25.398Z] [unzip] Writing file: C:\Users\HP\.cache\firebase\emulators\ui-v1.15.0\client\robots.txt
[debug] [2026-05-27T17:22:25.402Z] [unzip] Entry: client/mstile-150x150.png (compressed_size=2034 bytes, uncompressed_size=2034 bytes)
[debug] [2026-05-27T17:22:25.402Z] [unzip] Processing entry: client\mstile-150x150.png
[debug] [2026-05-27T17:22:25.402Z] [unzip] else mkdir: C:\Users\HP\.cache\firebase\emulators\ui-v1.15.0\client
[debug] [2026-05-27T17:22:25.403Z] [unzip] Writing file: C:\Users\HP\.cache\firebase\emulators\ui-v1.15.0\client\mstile-150x150.png
[debug] [2026-05-27T17:22:25.406Z] [unzip] Entry: client/assets/ (compressed_size=0 bytes, uncompressed_size=0 bytes)
[debug] [2026-05-27T17:22:25.407Z] [unzip] Processing entry: client\assets\
[debug] [2026-05-27T17:22:25.407Z] [unzip] mkdir: C:\Users\HP\.cache\firebase\emulators\ui-v1.15.0\client\assets\
[debug] [2026-05-27T17:22:25.409Z] [unzip] Entry: client/assets/index-BX-A56oj.js (compressed_size=582089 bytes, uncompressed_size=2092775 bytes)
[debug] [2026-05-27T17:22:25.409Z] [unzip] Processing entry: client\assets\index-BX-A56oj.js
[debug] [2026-05-27T17:22:25.409Z] [unzip] else mkdir: C:\Users\HP\.cache\firebase\emulators\ui-v1.15.0\client\assets
[debug] [2026-05-27T17:22:25.410Z] [unzip] deflating: C:\Users\HP\.cache\firebase\emulators\ui-v1.15.0\client\assets\index-BX-A56oj.js
[debug] [2026-05-27T17:22:25.461Z] [unzip] Entry: client/assets/index-CjB9C900.css (compressed_size=35979 bytes, uncompressed_size=298654 bytes)
[debug] [2026-05-27T17:22:25.461Z] [unzip] Processing entry: client\assets\index-CjB9C900.css
[debug] [2026-05-27T17:22:25.462Z] [unzip] else mkdir: C:\Users\HP\.cache\firebase\emulators\ui-v1.15.0\client\assets
[debug] [2026-05-27T17:22:25.462Z] [unzip] deflating: C:\Users\HP\.cache\firebase\emulators\ui-v1.15.0\client\assets\index-CjB9C900.css
[debug] [2026-05-27T17:22:25.475Z] [unzip] Entry: client/assets/index-BX-A56oj.js.map (compressed_size=2362482 bytes, uncompressed_size=10036679 bytes)
[debug] [2026-05-27T17:22:25.475Z] [unzip] Processing entry: client\assets\index-BX-A56oj.js.map
[debug] [2026-05-27T17:22:25.475Z] [unzip] else mkdir: C:\Users\HP\.cache\firebase\emulators\ui-v1.15.0\client\assets
[debug] [2026-05-27T17:22:25.476Z] [unzip] deflating: C:\Users\HP\.cache\firebase\emulators\ui-v1.15.0\client\assets\index-BX-A56oj.js.map
[debug] [2026-05-27T17:22:25.765Z] [unzip] Entry: client/assets/extensions/ (compressed_size=0 bytes, uncompressed_size=0 bytes)
[debug] [2026-05-27T17:22:25.765Z] [unzip] Processing entry: client\assets\extensions\
[debug] [2026-05-27T17:22:25.765Z] [unzip] mkdir: C:\Users\HP\.cache\firebase\emulators\ui-v1.15.0\client\assets\extensions\
[debug] [2026-05-27T17:22:25.767Z] [unzip] Entry: client/assets/extensions/default-extension.png (compressed_size=1646 bytes, uncompressed_size=1657 bytes)
[debug] [2026-05-27T17:22:25.768Z] [unzip] Processing entry: client\assets\extensions\default-extension.png
[debug] [2026-05-27T17:22:25.768Z] [unzip] else mkdir: C:\Users\HP\.cache\firebase\emulators\ui-v1.15.0\client\assets\extensions
[debug] [2026-05-27T17:22:25.769Z] [unzip] deflating: C:\Users\HP\.cache\firebase\emulators\ui-v1.15.0\client\assets\extensions\default-extension.png
[debug] [2026-05-27T17:22:25.774Z] [unzip] Entry: client/assets/img/ (compressed_size=0 bytes, uncompressed_size=0 bytes)
[debug] [2026-05-27T17:22:25.775Z] [unzip] Processing entry: client\assets\img\
[debug] [2026-05-27T17:22:25.775Z] [unzip] mkdir: C:\Users\HP\.cache\firebase\emulators\ui-v1.15.0\client\assets\img\
[debug] [2026-05-27T17:22:25.777Z] [unzip] Entry: client/assets/img/database.png (compressed_size=29449 bytes, uncompressed_size=29988 bytes)
[debug] [2026-05-27T17:22:25.777Z] [unzip] Processing entry: client\assets\img\database.png
[debug] [2026-05-27T17:22:25.777Z] [unzip] else mkdir: C:\Users\HP\.cache\firebase\emulators\ui-v1.15.0\client\assets\img
[debug] [2026-05-27T17:22:25.778Z] [unzip] deflating: C:\Users\HP\.cache\firebase\emulators\ui-v1.15.0\client\assets\img\database.png
[debug] [2026-05-27T17:22:25.786Z] [unzip] Entry: client/assets/provider-icons/ (compressed_size=0 bytes, uncompressed_size=0 bytes)
[debug] [2026-05-27T17:22:25.787Z] [unzip] Processing entry: client\assets\provider-icons\
[debug] [2026-05-27T17:22:25.787Z] [unzip] mkdir: C:\Users\HP\.cache\firebase\emulators\ui-v1.15.0\client\assets\provider-icons\
[debug] [2026-05-27T17:22:25.788Z] [unzip] Entry: client/assets/provider-icons/auth_service_saml.svg (compressed_size=575 bytes, uncompressed_size=1226 bytes)
[debug] [2026-05-27T17:22:25.789Z] [unzip] Processing entry: client\assets\provider-icons\auth_service_saml.svg
[debug] [2026-05-27T17:22:25.789Z] [unzip] else mkdir: C:\Users\HP\.cache\firebase\emulators\ui-v1.15.0\client\assets\provider-icons
[debug] [2026-05-27T17:22:25.790Z] [unzip] deflating: C:\Users\HP\.cache\firebase\emulators\ui-v1.15.0\client\assets\provider-icons\auth_service_saml.svg
[debug] [2026-05-27T17:22:25.795Z] [unzip] Entry: client/assets/provider-icons/auth_service_phone.svg (compressed_size=261 bytes, uncompressed_size=414 bytes)
[debug] [2026-05-27T17:22:25.795Z] [unzip] Processing entry: client\assets\provider-icons\auth_service_phone.svg
[debug] [2026-05-27T17:22:25.795Z] [unzip] else mkdir: C:\Users\HP\.cache\firebase\emulators\ui-v1.15.0\client\assets\provider-icons
[debug] [2026-05-27T17:22:25.796Z] [unzip] deflating: C:\Users\HP\.cache\firebase\emulators\ui-v1.15.0\client\assets\provider-icons\auth_service_phone.svg
[debug] [2026-05-27T17:22:25.803Z] [unzip] Entry: client/assets/provider-icons/auth_service_facebook.svg (compressed_size=289 bytes, uncompressed_size=457 bytes)
[debug] [2026-05-27T17:22:25.807Z] [unzip] Processing entry: client\assets\provider-icons\auth_service_facebook.svg
[debug] [2026-05-27T17:22:25.807Z] [unzip] else mkdir: C:\Users\HP\.cache\firebase\emulators\ui-v1.15.0\client\assets\provider-icons
[debug] [2026-05-27T17:22:25.808Z] [unzip] deflating: C:\Users\HP\.cache\firebase\emulators\ui-v1.15.0\client\assets\provider-icons\auth_service_facebook.svg
[debug] [2026-05-27T17:22:25.812Z] [unzip] Entry: client/assets/provider-icons/auth_service_game_center.svg (compressed_size=991 bytes, uncompressed_size=3921 bytes)
[debug] [2026-05-27T17:22:25.812Z] [unzip] Processing entry: client\assets\provider-icons\auth_service_game_center.svg
[debug] [2026-05-27T17:22:25.812Z] [unzip] else mkdir: C:\Users\HP\.cache\firebase\emulators\ui-v1.15.0\client\assets\provider-icons
[debug] [2026-05-27T17:22:25.813Z] [unzip] deflating: C:\Users\HP\.cache\firebase\emulators\ui-v1.15.0\client\assets\provider-icons\auth_service_game_center.svg
[debug] [2026-05-27T17:22:25.818Z] [unzip] Entry: client/assets/provider-icons/auth_service_apple.svg (compressed_size=230 bytes, uncompressed_size=334 bytes)
[debug] [2026-05-27T17:22:25.818Z] [unzip] Processing entry: client\assets\provider-icons\auth_service_apple.svg
[debug] [2026-05-27T17:22:25.819Z] [unzip] else mkdir: C:\Users\HP\.cache\firebase\emulators\ui-v1.15.0\client\assets\provider-icons
[debug] [2026-05-27T17:22:25.820Z] [unzip] deflating: C:\Users\HP\.cache\firebase\emulators\ui-v1.15.0\client\assets\provider-icons\auth_service_apple.svg
[debug] [2026-05-27T17:22:25.823Z] [unzip] Entry: client/assets/provider-icons/auth_service_github.svg (compressed_size=466 bytes, uncompressed_size=838 bytes)
[debug] [2026-05-27T17:22:25.823Z] [unzip] Processing entry: client\assets\provider-icons\auth_service_github.svg
[debug] [2026-05-27T17:22:25.824Z] [unzip] else mkdir: C:\Users\HP\.cache\firebase\emulators\ui-v1.15.0\client\assets\provider-icons
[debug] [2026-05-27T17:22:25.824Z] [unzip] deflating: C:\Users\HP\.cache\firebase\emulators\ui-v1.15.0\client\assets\provider-icons\auth_service_github.svg
[debug] [2026-05-27T17:22:25.827Z] [unzip] Entry: client/assets/provider-icons/auth_service_mslive.svg (compressed_size=203 bytes, uncompressed_size=378 bytes)
[debug] [2026-05-27T17:22:25.828Z] [unzip] Processing entry: client\assets\provider-icons\auth_service_mslive.svg
[debug] [2026-05-27T17:22:25.829Z] [unzip] else mkdir: C:\Users\HP\.cache\firebase\emulators\ui-v1.15.0\client\assets\provider-icons
[debug] [2026-05-27T17:22:25.830Z] [unzip] deflating: C:\Users\HP\.cache\firebase\emulators\ui-v1.15.0\client\assets\provider-icons\auth_service_mslive.svg
[debug] [2026-05-27T17:22:25.832Z] [unzip] Entry: client/assets/provider-icons/auth_service_yahoo.svg (compressed_size=577 bytes, uncompressed_size=1182 bytes)
[debug] [2026-05-27T17:22:25.834Z] [unzip] Processing entry: client\assets\provider-icons\auth_service_yahoo.svg
[debug] [2026-05-27T17:22:25.835Z] [unzip] else mkdir: C:\Users\HP\.cache\firebase\emulators\ui-v1.15.0\client\assets\provider-icons
[debug] [2026-05-27T17:22:25.836Z] [unzip] deflating: C:\Users\HP\.cache\firebase\emulators\ui-v1.15.0\client\assets\provider-icons\auth_service_yahoo.svg
[debug] [2026-05-27T17:22:25.839Z] [unzip] Entry: client/assets/provider-icons/auth_service_twitter.svg (compressed_size=444 bytes, uncompressed_size=751 bytes)
[debug] [2026-05-27T17:22:25.840Z] [unzip] Processing entry: client\assets\provider-icons\auth_service_twitter.svg
[debug] [2026-05-27T17:22:25.840Z] [unzip] else mkdir: C:\Users\HP\.cache\firebase\emulators\ui-v1.15.0\client\assets\provider-icons
[debug] [2026-05-27T17:22:25.841Z] [unzip] deflating: C:\Users\HP\.cache\firebase\emulators\ui-v1.15.0\client\assets\provider-icons\auth_service_twitter.svg
[debug] [2026-05-27T17:22:25.844Z] [unzip] Entry: client/assets/provider-icons/auth_service_play_games.svg (compressed_size=565 bytes, uncompressed_size=1173 bytes)
[debug] [2026-05-27T17:22:25.844Z] [unzip] Processing entry: client\assets\provider-icons\auth_service_play_games.svg
[debug] [2026-05-27T17:22:25.845Z] [unzip] else mkdir: C:\Users\HP\.cache\firebase\emulators\ui-v1.15.0\client\assets\provider-icons
[debug] [2026-05-27T17:22:25.845Z] [unzip] deflating: C:\Users\HP\.cache\firebase\emulators\ui-v1.15.0\client\assets\provider-icons\auth_service_play_games.svg
[debug] [2026-05-27T17:22:25.848Z] [unzip] Entry: client/assets/provider-icons/auth_service_email.svg (compressed_size=228 bytes, uncompressed_size=326 bytes)
[debug] [2026-05-27T17:22:25.849Z] [unzip] Processing entry: client\assets\provider-icons\auth_service_email.svg
[debug] [2026-05-27T17:22:25.849Z] [unzip] else mkdir: C:\Users\HP\.cache\firebase\emulators\ui-v1.15.0\client\assets\provider-icons
[debug] [2026-05-27T17:22:25.851Z] [unzip] deflating: C:\Users\HP\.cache\firebase\emulators\ui-v1.15.0\client\assets\provider-icons\auth_service_email.svg
[debug] [2026-05-27T17:22:25.856Z] [unzip] Entry: client/assets/provider-icons/auth_service_google.svg (compressed_size=409 bytes, uncompressed_size=720 bytes)
[debug] [2026-05-27T17:22:25.856Z] [unzip] Processing entry: client\assets\provider-icons\auth_service_google.svg
[debug] [2026-05-27T17:22:25.857Z] [unzip] else mkdir: C:\Users\HP\.cache\firebase\emulators\ui-v1.15.0\client\assets\provider-icons
[debug] [2026-05-27T17:22:25.858Z] [unzip] deflating: C:\Users\HP\.cache\firebase\emulators\ui-v1.15.0\client\assets\provider-icons\auth_service_google.svg
[debug] [2026-05-27T17:22:25.862Z] [unzip] Entry: client/assets/provider-icons/auth_service_oidc.svg (compressed_size=414 bytes, uncompressed_size=858 bytes)
[debug] [2026-05-27T17:22:25.862Z] [unzip] Processing entry: client\assets\provider-icons\auth_service_oidc.svg
[debug] [2026-05-27T17:22:25.862Z] [unzip] else mkdir: C:\Users\HP\.cache\firebase\emulators\ui-v1.15.0\client\assets\provider-icons
[debug] [2026-05-27T17:22:25.863Z] [unzip] deflating: C:\Users\HP\.cache\firebase\emulators\ui-v1.15.0\client\assets\provider-icons\auth_service_oidc.svg
[debug] [2026-05-27T17:22:25.880Z] [unzip] Entry: client/browserconfig.xml (compressed_size=491 bytes, uncompressed_size=822 bytes)
[debug] [2026-05-27T17:22:25.880Z] [unzip] Processing entry: client\browserconfig.xml
[debug] [2026-05-27T17:22:25.881Z] [unzip] else mkdir: C:\Users\HP\.cache\firebase\emulators\ui-v1.15.0\client
[debug] [2026-05-27T17:22:25.881Z] [unzip] deflating: C:\Users\HP\.cache\firebase\emulators\ui-v1.15.0\client\browserconfig.xml
[debug] [2026-05-27T17:22:25.891Z] [unzip] Entry: client/favicon-32x32.png (compressed_size=475 bytes, uncompressed_size=475 bytes)
[debug] [2026-05-27T17:22:25.891Z] [unzip] Processing entry: client\favicon-32x32.png
[debug] [2026-05-27T17:22:25.891Z] [unzip] else mkdir: C:\Users\HP\.cache\firebase\emulators\ui-v1.15.0\client
[debug] [2026-05-27T17:22:25.892Z] [unzip] Writing file: C:\Users\HP\.cache\firebase\emulators\ui-v1.15.0\client\favicon-32x32.png
[debug] [2026-05-27T17:22:25.895Z] [unzip] Entry: server/ (compressed_size=0 bytes, uncompressed_size=0 bytes)
[debug] [2026-05-27T17:22:25.895Z] [unzip] Processing entry: server\
[debug] [2026-05-27T17:22:25.895Z] [unzip] mkdir: C:\Users\HP\.cache\firebase\emulators\ui-v1.15.0\server\
[debug] [2026-05-27T17:22:25.897Z] [unzip] Entry: server/server.mjs.map (compressed_size=217845 bytes, uncompressed_size=944978 bytes)
[debug] [2026-05-27T17:22:25.897Z] [unzip] Processing entry: server\server.mjs.map
[debug] [2026-05-27T17:22:25.897Z] [unzip] else mkdir: C:\Users\HP\.cache\firebase\emulators\ui-v1.15.0\server
[debug] [2026-05-27T17:22:25.898Z] [unzip] deflating: C:\Users\HP\.cache\firebase\emulators\ui-v1.15.0\server\server.mjs.map
[debug] [2026-05-27T17:22:25.924Z] [unzip] Entry: server/server.mjs (compressed_size=276407 bytes, uncompressed_size=933701 bytes)
[debug] [2026-05-27T17:22:25.925Z] [unzip] Processing entry: server\server.mjs
[debug] [2026-05-27T17:22:25.925Z] [unzip] else mkdir: C:\Users\HP\.cache\firebase\emulators\ui-v1.15.0\server
[debug] [2026-05-27T17:22:25.926Z] [unzip] deflating: C:\Users\HP\.cache\firebase\emulators\ui-v1.15.0\server\server.mjs
[debug] [2026-05-27T17:22:25.979Z] Could not find VSCode notification endpoint: FetchError: request to http://localhost:40001/vscode/notify failed, reason: . If you are not running the Firebase SQL Connect VSCode extension, this is expected and not an issue.
[info] 
┌─────────────────────────────────────────────────────────────┐
│ ✔  All emulators ready! It is now safe to connect your app. │
│ i  View Emulator UI at http://127.0.0.1:4000/               │
└─────────────────────────────────────────────────────────────┘

┌────────────────┬────────────────┬────────────────────────────┐
│ Emulator       │ Host:Port      │ View in Emulator UI        │
├────────────────┼────────────────┼────────────────────────────┤
│ Authentication │ 127.0.0.1:9099 │ http://127.0.0.1:4000/auth │
└────────────────┴────────────────┴────────────────────────────┘
  Emulator Hub host: 127.0.0.1 port: 4400
  Other reserved ports: 4500

Issues? Report them at https://github.com/firebase/firebase-tools/issues and attach the *-debug.log files.
 
[warn] !  Received a signed JWT. Auth Emulator does not validate JWTs and IS NOT SECURE {"metadata":{"emulator":{"name":"auth"},"message":"Received a signed JWT. Auth Emulator does not validate JWTs and IS NOT SECURE"}}
[info] i  To verify the phone number +916309451925, use the code 289972. {"metadata":{"emulator":{"name":"auth"},"message":"To verify the phone number +916309451925, use the code 289972."}}
[info] i  To verify the phone number +916309451925, use the code 980767. {"metadata":{"emulator":{"name":"auth"},"message":"To verify the phone number +916309451925, use the code 980767."}}
[info] i  To verify the phone number +916309451925, use the code 874053. {"metadata":{"emulator":{"name":"auth"},"message":"To verify the phone number +916309451925, use the code 874053."}}
[info] i  To verify the phone number +916309451925, use the code 800002. {"metadata":{"emulator":{"name":"auth"},"message":"To verify the phone number +916309451925, use the code 800002."}}
[warn] !  Received a signed JWT. Auth Emulator does not validate JWTs and IS NOT SECURE {"metadata":{"emulator":{"name":"auth"},"message":"Received a signed JWT. Auth Emulator does not validate JWTs and IS NOT SECURE"}}
[info] i  To verify the phone number +918790956645, use the code 141887. {"metadata":{"emulator":{"name":"auth"},"message":"To verify the phone number +918790956645, use the code 141887."}}
